<h1>hello world</h1>

<p>this is a description</p>

Tags: <ul><li>go</li><li>blog</li></ul>